[
  {
    "Bdate": "1985-07-13",
    "Salary": "45000",
    "RowId": "1",
    "Minit": "F",
    "Address": "3557 Spenser Point",
    "Dno": "9",
    "Lname": "Hinckesman",
    "Sex": "F",
    "Fname": "Yevette",
    "Ssn": "354-99-7241"
  },
  {
    "Bdate": "1963-01-21",
    "Salary": "66000",
    "RowId": "2",
    "Minit": "G",
    "Address": "089 La Follette Drive",
    "Dno": "36",
    "Lname": "McBrearty",
    "Sex": "F",
    "Fname": "Tove",
    "Ssn": "260-72-7977"
  },
  {
    "Bdate": "1992-06-19",
    "Salary": "39000",
    "RowId": "3",
    "Minit": "N",
    "Address": "57 Lerdahl Crossing",
    "Dno": "11",
    "Lname": "di Rocca",
    "Sex": "M",
    "Fname": "Dalston",
    "Ssn": "497-41-6011"
  },
  {
    "Bdate": "1984-12-07",
    "Salary": "34000",
    "RowId": "4",
    "Minit": "P",
    "Address": "58682 Green Way",
    "Dno": "16",
    "Lname": "Gadsby",
    "Sex": "M",
    "Fname": "Keane",
    "Ssn": "421-34-5256"
  },
  {
    "Bdate": "1975-02-10",
    "Salary": "35000",
    "RowId": "5",
    "Minit": "J",
    "Address": "8 Pepper Wood Alley",
    "Dno": "11",
    "Lname": "Gebbie",
    "Sex": "M",
    "Fname": "Arney",
    "Ssn": "654-92-1250"
  },
  {
    "Bdate": "1990-09-07",
    "Salary": "35000",
    "RowId": "6",
    "Minit": "P",
    "Address": "76 Mifflin Drive",
    "Dno": "16",
    "Lname": "Teasdale",
    "Sex": "M",
    "Fname": "Torey",
    "Ssn": "173-45-2030"
  },
  {
    "Bdate": "1972-05-08",
    "Salary": "31000",
    "RowId": "7",
    "Minit": "",
    "Address": "2 Lotheville Lane",
    "Dno": "34",
    "Lname": "Knappett",
    "Sex": "F",
    "Fname": "Lisha",
    "Ssn": "505-10-2053"
  },
  {
    "Bdate": "1971-05-21",
    "Salary": "45000",
    "RowId": "8",
    "Minit": "B",
    "Address": "382 Village Drive",
    "Dno": "46",
    "Lname": "Cary",
    "Sex": "F",
    "Fname": "Veradis",
    "Ssn": "416-67-5992"
  },
  {
    "Bdate": "1975-01-29",
    "Salary": "50000",
    "RowId": "9",
    "Minit": "S",
    "Address": "47410 Kensington Lane",
    "Dno": "25",
    "Lname": "Ranson",
    "Sex": "M",
    "Fname": "Corby",
    "Ssn": "852-15-6348"
  },
  {
    "Bdate": "1962-11-25",
    "Salary": "68000",
    "RowId": "10",
    "Minit": "M",
    "Address": "31277 Debs Lane",
    "Dno": "23",
    "Lname": "Middleweek",
    "Sex": "M",
    "Fname": "Ettore",
    "Ssn": "639-90-7844"
  },
  {
    "Bdate": "1997-07-08",
    "Salary": "66000",
    "RowId": "11",
    "Minit": "B",
    "Address": "54 Dovetail Place",
    "Dno": "13",
    "Lname": "Woolvett",
    "Sex": "F",
    "Fname": "Isa",
    "Ssn": "680-02-5934"
  },
  {
    "Bdate": "1972-01-06",
    "Salary": "92000",
    "RowId": "12",
    "Minit": "J",
    "Address": "755 Pennsylvania Drive",
    "Dno": "13",
    "Lname": "Littlecote",
    "Sex": "F",
    "Fname": "Brenda",
    "Ssn": "547-04-4895"
  },
  {
    "Bdate": "1997-04-22",
    "Salary": "40000",
    "RowId": "13",
    "Minit": "",
    "Address": "81981 Dunning Crossing",
    "Dno": "3",
    "Lname": "Rand",
    "Sex": "M",
    "Fname": "Samuele",
    "Ssn": "694-47-0904"
  },
  {
    "Bdate": "1985-10-09",
    "Salary": "63000",
    "RowId": "14",
    "Minit": "N",
    "Address": "3 Forster Place",
    "Dno": "10",
    "Lname": "Dobrowolski",
    "Sex": "M",
    "Fname": "Erek",
    "Ssn": "642-02-1381"
  },
  {
    "Bdate": "1973-08-23",
    "Salary": "83000",
    "RowId": "15",
    "Minit": "A",
    "Address": "9 Onsgard Circle",
    "Dno": "16",
    "Lname": "Tolputt",
    "Sex": "F",
    "Fname": "Nanci",
    "Ssn": "485-58-6728"
  },
  {
    "Bdate": "1963-06-19",
    "Salary": "46000",
    "RowId": "16",
    "Minit": "",
    "Address": "4 Stoughton Park",
    "Dno": "14",
    "Lname": "Risman",
    "Sex": "F",
    "Fname": "Bobbye",
    "Ssn": "367-97-1984"
  },
  {
    "Bdate": "1964-12-01",
    "Salary": "28000",
    "RowId": "17",
    "Minit": "D",
    "Address": "4 Calypso Avenue",
    "Dno": "6",
    "Lname": "Barbrook",
    "Sex": "F",
    "Fname": "Daveen",
    "Ssn": "128-80-9188"
  },
  {
    "Bdate": "1972-09-21",
    "Salary": "94000",
    "RowId": "18",
    "Minit": "T",
    "Address": "3570 Lindbergh Place",
    "Dno": "28",
    "Lname": "Barnish",
    "Sex": "M",
    "Fname": "Hogan",
    "Ssn": "240-76-9492"
  },
  {
    "Bdate": "1990-11-08",
    "Salary": "83000",
    "RowId": "19",
    "Minit": "K",
    "Address": "7 Mayer Circle",
    "Dno": "6",
    "Lname": "Westcar",
    "Sex": "M",
    "Fname": "Riordan",
    "Ssn": "245-66-1271"
  },
  {
    "Bdate": "1977-10-15",
    "Salary": "40000",
    "RowId": "20",
    "Minit": "C",
    "Address": "22775 Waubesa Road",
    "Dno": "29",
    "Lname": "Franck",
    "Sex": "M",
    "Fname": "Erek",
    "Ssn": "244-18-9781"
  },
  {
    "Bdate": "1971-02-20",
    "Salary": "58000",
    "RowId": "21",
    "Minit": "K",
    "Address": "624 Hansons Circle",
    "Dno": "27",
    "Lname": "Spring",
    "Sex": "M",
    "Fname": "Hazlett",
    "Ssn": "464-55-2055"
  },
  {
    "Bdate": "1964-01-10",
    "Salary": "82000",
    "RowId": "22",
    "Minit": "T",
    "Address": "38 Weeping Birch Hill",
    "Dno": "15",
    "Lname": "Wrench",
    "Sex": "M",
    "Fname": "Garrott",
    "Ssn": "556-04-2656"
  },
  {
    "Bdate": "1996-10-10",
    "Salary": "85000",
    "RowId": "23",
    "Minit": "A",
    "Address": "3 Anthes Road",
    "Dno": "6",
    "Lname": "Aubry",
    "Sex": "M",
    "Fname": "Elmo",
    "Ssn": "629-13-2865"
  },
  {
    "Bdate": "1996-02-15",
    "Salary": "58000",
    "RowId": "24",
    "Minit": "",
    "Address": "83078 Dorton Park",
    "Dno": "18",
    "Lname": "Winwood",
    "Sex": "M",
    "Fname": "Nickolaus",
    "Ssn": "142-17-6855"
  },
  {
    "Bdate": "1966-05-09",
    "Salary": "67000",
    "RowId": "25",
    "Minit": "R",
    "Address": "83 Meadow Vale Place",
    "Dno": "21",
    "Lname": "Mawtus",
    "Sex": "F",
    "Fname": "Latrena",
    "Ssn": "165-06-4419"
  },
  {
    "Bdate": "1986-06-27",
    "Salary": "28000",
    "RowId": "26",
    "Minit": "R",
    "Address": "2278 Sachs Court",
    "Dno": "6",
    "Lname": "Iacopini",
    "Sex": "F",
    "Fname": "Rosalinde",
    "Ssn": "722-02-7700"
  },
  {
    "Bdate": "1962-08-03",
    "Salary": "88000",
    "RowId": "27",
    "Minit": "U",
    "Address": "22719 Grayhawk Alley",
    "Dno": "6",
    "Lname": "Methven",
    "Sex": "M",
    "Fname": "Antonino",
    "Ssn": "876-09-0108"
  },
  {
    "Bdate": "1991-10-28",
    "Salary": "48000",
    "RowId": "28",
    "Minit": "",
    "Address": "46033 Mallard Crossing",
    "Dno": "10",
    "Lname": "Peacop",
    "Sex": "M",
    "Fname": "Bard",
    "Ssn": "566-49-6775"
  },
  {
    "Bdate": "1961-04-22",
    "Salary": "36000",
    "RowId": "29",
    "Minit": "H",
    "Address": "4 Delladonna Alley",
    "Dno": "11",
    "Lname": "Nitto",
    "Sex": "M",
    "Fname": "Chaunce",
    "Ssn": "642-62-5972"
  },
  {
    "Bdate": "1961-02-05",
    "Salary": "31000",
    "RowId": "30",
    "Minit": "B",
    "Address": "181 School Crossing",
    "Dno": "12",
    "Lname": "Will",
    "Sex": "F",
    "Fname": "Julina",
    "Ssn": "870-21-0711"
  },
  {
    "Bdate": "1975-08-23",
    "Salary": "31000",
    "RowId": "31",
    "Minit": "L",
    "Address": "4061 Summit Avenue",
    "Dno": "10",
    "Lname": "Fearn",
    "Sex": "F",
    "Fname": "Ailene",
    "Ssn": "784-72-5066"
  },
  {
    "Bdate": "1979-08-13",
    "Salary": "44000",
    "RowId": "32",
    "Minit": "B",
    "Address": "3 New Castle Park",
    "Dno": "19",
    "Lname": "Rubinov",
    "Sex": "M",
    "Fname": "Fredric",
    "Ssn": "832-44-6331"
  },
  {
    "Bdate": "1988-10-31",
    "Salary": "93000",
    "RowId": "33",
    "Minit": "C",
    "Address": "202 Springview Crossing",
    "Dno": "10",
    "Lname": "Roads",
    "Sex": "F",
    "Fname": "Suzanne",
    "Ssn": "277-89-2456"
  },
  {
    "Bdate": "1970-05-17",
    "Salary": "78000",
    "RowId": "34",
    "Minit": "",
    "Address": "15 Drewry Crossing",
    "Dno": "20",
    "Lname": "Stoppard",
    "Sex": "M",
    "Fname": "Keen",
    "Ssn": "234-43-1739"
  },
  {
    "Bdate": "1978-06-04",
    "Salary": "62000",
    "RowId": "35",
    "Minit": "C",
    "Address": "94712 Randy Hill",
    "Dno": "10",
    "Lname": "Campling",
    "Sex": "M",
    "Fname": "Conroy",
    "Ssn": "629-54-0790"
  },
  {
    "Bdate": "1983-02-14",
    "Salary": "79000",
    "RowId": "36",
    "Minit": "C",
    "Address": "27 Straubel Plaza",
    "Dno": "18",
    "Lname": "Cleary",
    "Sex": "M",
    "Fname": "Fax",
    "Ssn": "449-57-9235"
  },
  {
    "Bdate": "1961-12-07",
    "Salary": "29000",
    "RowId": "37",
    "Minit": "B",
    "Address": "1 Arizona Avenue",
    "Dno": "6",
    "Lname": "Rathbone",
    "Sex": "F",
    "Fname": "Elie",
    "Ssn": "281-20-7042"
  },
  {
    "Bdate": "1990-04-06",
    "Salary": "55000",
    "RowId": "38",
    "Minit": "H",
    "Address": "3 Shoshone Drive",
    "Dno": "2",
    "Lname": "Edel",
    "Sex": "F",
    "Fname": "Rodina",
    "Ssn": "125-18-2873"
  },
  {
    "Bdate": "1969-08-14",
    "Salary": "93000",
    "RowId": "39",
    "Minit": "I",
    "Address": "04305 Elmside Center",
    "Dno": "6",
    "Lname": "Eadington",
    "Sex": "F",
    "Fname": "Lynn",
    "Ssn": "850-93-5796"
  },
  {
    "Bdate": "1960-12-10",
    "Salary": "55000",
    "RowId": "40",
    "Minit": "N",
    "Address": "373 Lien Circle",
    "Dno": "13",
    "Lname": "Harriott",
    "Sex": "M",
    "Fname": "Geoffry",
    "Ssn": "172-62-5338"
  },
  {
    "Bdate": "1976-01-19",
    "Salary": "31000",
    "RowId": "41",
    "Minit": "S",
    "Address": "71 Springs Trail",
    "Dno": "16",
    "Lname": "Chambers",
    "Sex": "M",
    "Fname": "Whitby",
    "Ssn": "378-75-1597"
  },
  {
    "Bdate": "1992-07-01",
    "Salary": "86000",
    "RowId": "42",
    "Minit": "L",
    "Address": "26410 Meadow Valley Crossing",
    "Dno": "18",
    "Lname": "Archdeacon",
    "Sex": "F",
    "Fname": "Ilka",
    "Ssn": "670-54-4344"
  },
  {
    "Bdate": "1969-10-02",
    "Salary": "65000",
    "RowId": "43",
    "Minit": "A",
    "Address": "46128 Fremont Lane",
    "Dno": "6",
    "Lname": "Sturges",
    "Sex": "F",
    "Fname": "Xylia",
    "Ssn": "385-46-1585"
  },
  {
    "Bdate": "1986-07-30",
    "Salary": "88000",
    "RowId": "44",
    "Minit": "H",
    "Address": "46 Nobel Way",
    "Dno": "35",
    "Lname": "Spellacey",
    "Sex": "M",
    "Fname": "Tab",
    "Ssn": "786-48-1459"
  },
  {
    "Bdate": "1965-10-16",
    "Salary": "88000",
    "RowId": "45",
    "Minit": "J",
    "Address": "066 Oriole Avenue",
    "Dno": "33",
    "Lname": "Fache",
    "Sex": "M",
    "Fname": "Cortie",
    "Ssn": "329-73-1556"
  },
  {
    "Bdate": "1982-03-26",
    "Salary": "25000",
    "RowId": "46",
    "Minit": "P",
    "Address": "43512 Redwing Crossing",
    "Dno": "20",
    "Lname": "Dalrymple",
    "Sex": "M",
    "Fname": "Vail",
    "Ssn": "435-54-2316"
  },
  {
    "Bdate": "1979-10-02",
    "Salary": "90000",
    "RowId": "47",
    "Minit": "A",
    "Address": "358 Northfield Drive",
    "Dno": "21",
    "Lname": "Egiloff",
    "Sex": "M",
    "Fname": "Patric",
    "Ssn": "232-34-3881"
  },
  {
    "Bdate": "1983-04-01",
    "Salary": "62000",
    "RowId": "48",
    "Minit": "A",
    "Address": "456 Sutherland Crossing",
    "Dno": "24",
    "Lname": "Powys",
    "Sex": "F",
    "Fname": "Dawna",
    "Ssn": "793-84-2604"
  },
  {
    "Bdate": "1976-05-06",
    "Salary": "28000",
    "RowId": "49",
    "Minit": "G",
    "Address": "1 Golf Trail",
    "Dno": "4",
    "Lname": "Boatman",
    "Sex": "M",
    "Fname": "Otto",
    "Ssn": "596-30-1799"
  },
  {
    "Bdate": "1997-07-30",
    "Salary": "40000",
    "RowId": "50",
    "Minit": "A",
    "Address": "6678 Mesta Parkway",
    "Dno": "13",
    "Lname": "Dightham",
    "Sex": "M",
    "Fname": "Barnaby",
    "Ssn": "353-98-7443"
  },
  {
    "Bdate": "1992-03-16",
    "Salary": "54000",
    "RowId": "51",
    "Minit": "L",
    "Address": "572 Darwin Point",
    "Dno": "10",
    "Lname": "Choat",
    "Sex": "F",
    "Fname": "Veradis",
    "Ssn": "751-85-3924"
  },
  {
    "Bdate": "1983-11-10",
    "Salary": "54000",
    "RowId": "52",
    "Minit": "J",
    "Address": "1293 Michigan Hill",
    "Dno": "10",
    "Lname": "Pakes",
    "Sex": "F",
    "Fname": "Marji",
    "Ssn": "230-92-4343"
  },
  {
    "Bdate": "1979-06-30",
    "Salary": "64000",
    "RowId": "53",
    "Minit": "D",
    "Address": "4 Northport Court",
    "Dno": "18",
    "Lname": "Lording",
    "Sex": "F",
    "Fname": "Pennie",
    "Ssn": "849-39-5990"
  },
  {
    "Bdate": "1993-01-02",
    "Salary": "28000",
    "RowId": "54",
    "Minit": "",
    "Address": "363 La Follette Center",
    "Dno": "14",
    "Lname": "Capaldi",
    "Sex": "M",
    "Fname": "Kiel",
    "Ssn": "770-40-5760"
  },
  {
    "Bdate": "1973-10-16",
    "Salary": "79000",
    "RowId": "55",
    "Minit": "H",
    "Address": "947 Corry Parkway",
    "Dno": "18",
    "Lname": "Allaway",
    "Sex": "F",
    "Fname": "Imogene",
    "Ssn": "682-42-9949"
  },
  {
    "Bdate": "1994-01-20",
    "Salary": "27000",
    "RowId": "56",
    "Minit": "H",
    "Address": "71910 Northfield Terrace",
    "Dno": "18",
    "Lname": "Weson",
    "Sex": "M",
    "Fname": "Vergil",
    "Ssn": "494-33-4095"
  },
  {
    "Bdate": "1961-01-18",
    "Salary": "71000",
    "RowId": "57",
    "Minit": "C",
    "Address": "65600 Ryan Parkway",
    "Dno": "29",
    "Lname": "Millin",
    "Sex": "F",
    "Fname": "Eve",
    "Ssn": "136-68-7269"
  },
  {
    "Bdate": "1986-01-27",
    "Salary": "31000",
    "RowId": "58",
    "Minit": "K",
    "Address": "533 Vera Drive",
    "Dno": "2",
    "Lname": "Hurlestone",
    "Sex": "F",
    "Fname": "Carlye",
    "Ssn": "562-25-4327"
  },
  {
    "Bdate": "1963-07-04",
    "Salary": "63000",
    "RowId": "59",
    "Minit": "C",
    "Address": "3145 Sundown Alley",
    "Dno": "7",
    "Lname": "Vale",
    "Sex": "F",
    "Fname": "Jaquenette",
    "Ssn": "748-85-6567"
  },
  {
    "Bdate": "1984-07-30",
    "Salary": "88000",
    "RowId": "60",
    "Minit": "E",
    "Address": "188 Autumn Leaf Terrace",
    "Dno": "18",
    "Lname": "Koppke",
    "Sex": "F",
    "Fname": "Laetitia",
    "Ssn": "843-56-2894"
  },
  {
    "Bdate": "1969-11-30",
    "Salary": "76000",
    "RowId": "61",
    "Minit": "D",
    "Address": "65 Pleasure Park",
    "Dno": "18",
    "Lname": "Barszczewski",
    "Sex": "F",
    "Fname": "Pen",
    "Ssn": "672-24-9457"
  },
  {
    "Bdate": "1994-05-22",
    "Salary": "68000",
    "RowId": "62",
    "Minit": "M",
    "Address": "3 Mosinee Plaza",
    "Dno": "16",
    "Lname": "Drust",
    "Sex": "M",
    "Fname": "Anton",
    "Ssn": "362-25-1290"
  },
  {
    "Bdate": "1971-10-14",
    "Salary": "42000",
    "RowId": "63",
    "Minit": "G",
    "Address": "872 Jana Avenue",
    "Dno": "3",
    "Lname": "Rosina",
    "Sex": "M",
    "Fname": "Merill",
    "Ssn": "642-63-5863"
  },
  {
    "Bdate": "1980-12-17",
    "Salary": "37000",
    "RowId": "64",
    "Minit": "B",
    "Address": "2 Kenwood Place",
    "Dno": "12",
    "Lname": "Dolder",
    "Sex": "F",
    "Fname": "Tarra",
    "Ssn": "761-46-5275"
  },
  {
    "Bdate": "1983-03-09",
    "Salary": "35000",
    "RowId": "65",
    "Minit": "",
    "Address": "1778 Springs Center",
    "Dno": "10",
    "Lname": "Sisland",
    "Sex": "M",
    "Fname": "Berkie",
    "Ssn": "635-33-4447"
  },
  {
    "Bdate": "1984-07-26",
    "Salary": "61000",
    "RowId": "66",
    "Minit": "L",
    "Address": "376 David Road",
    "Dno": "10",
    "Lname": "Fumagall",
    "Sex": "F",
    "Fname": "Tanitansy",
    "Ssn": "367-16-4285"
  },
  {
    "Bdate": "1991-03-28",
    "Salary": "25000",
    "RowId": "67",
    "Minit": "A",
    "Address": "725 Gateway Way",
    "Dno": "10",
    "Lname": "Solomon",
    "Sex": "F",
    "Fname": "Valencia",
    "Ssn": "202-44-4430"
  },
  {
    "Bdate": "1996-04-08",
    "Salary": "38000",
    "RowId": "68",
    "Minit": "A",
    "Address": "9 La Follette Terrace",
    "Dno": "15",
    "Lname": "Pizey",
    "Sex": "F",
    "Fname": "Ferne",
    "Ssn": "125-20-4960"
  },
  {
    "Bdate": "1962-09-10",
    "Salary": "36000",
    "RowId": "69",
    "Minit": "N",
    "Address": "4426 Bay Pass",
    "Dno": "10",
    "Lname": "Normanvell",
    "Sex": "M",
    "Fname": "Bailie",
    "Ssn": "351-83-1885"
  },
  {
    "Bdate": "1976-03-31",
    "Salary": "30000",
    "RowId": "70",
    "Minit": "P",
    "Address": "73 Upham Point",
    "Dno": "4",
    "Lname": "Swetland",
    "Sex": "F",
    "Fname": "Blondell",
    "Ssn": "292-57-3050"
  },
  {
    "Bdate": "1983-06-16",
    "Salary": "38000",
    "RowId": "71",
    "Minit": "A",
    "Address": "38801 Kingsford Drive",
    "Dno": "24",
    "Lname": "Grunwall",
    "Sex": "M",
    "Fname": "Leslie",
    "Ssn": "339-12-9063"
  },
  {
    "Bdate": "1988-01-30",
    "Salary": "38000",
    "RowId": "72",
    "Minit": "D",
    "Address": "371 Southridge Parkway",
    "Dno": "12",
    "Lname": "Matten",
    "Sex": "F",
    "Fname": "Sacha",
    "Ssn": "672-23-1976"
  },
  {
    "Bdate": "1975-12-17",
    "Salary": "58000",
    "RowId": "73",
    "Minit": "M",
    "Address": "4752 Swallow Street",
    "Dno": "46",
    "Lname": "Neilan",
    "Sex": "F",
    "Fname": "Julianna",
    "Ssn": "282-36-3150"
  },
  {
    "Bdate": "1988-10-25",
    "Salary": "94000",
    "RowId": "74",
    "Minit": "H",
    "Address": "87321 Gale Place",
    "Dno": "10",
    "Lname": "Noteyoung",
    "Sex": "F",
    "Fname": "Zorah",
    "Ssn": "753-34-3029"
  },
  {
    "Bdate": "1977-08-19",
    "Salary": "32000",
    "RowId": "75",
    "Minit": "K",
    "Address": "34726 Veith Way",
    "Dno": "18",
    "Lname": "Plank",
    "Sex": "F",
    "Fname": "Lacey",
    "Ssn": "360-27-0155"
  },
  {
    "Bdate": "1971-11-07",
    "Salary": "34000",
    "RowId": "76",
    "Minit": "B",
    "Address": "4 Upham Street",
    "Dno": "32",
    "Lname": "Hemms",
    "Sex": "M",
    "Fname": "Stevie",
    "Ssn": "412-96-4375"
  },
  {
    "Bdate": "1997-04-25",
    "Salary": "50000",
    "RowId": "77",
    "Minit": "",
    "Address": "91 Monica Alley",
    "Dno": "11",
    "Lname": "Pydcock",
    "Sex": "M",
    "Fname": "Porter",
    "Ssn": "497-07-7799"
  },
  {
    "Bdate": "1983-11-28",
    "Salary": "37000",
    "RowId": "78",
    "Minit": "",
    "Address": "1 Kings Way",
    "Dno": "17",
    "Lname": "Rubery",
    "Sex": "M",
    "Fname": "Laney",
    "Ssn": "222-45-9644"
  },
  {
    "Bdate": "1995-05-16",
    "Salary": "69000",
    "RowId": "79",
    "Minit": "D",
    "Address": "73094 Rieder Circle",
    "Dno": "12",
    "Lname": "Durling",
    "Sex": "F",
    "Fname": "Nanice",
    "Ssn": "493-12-6286"
  },
  {
    "Bdate": "1979-01-05",
    "Salary": "58000",
    "RowId": "80",
    "Minit": "G",
    "Address": "70243 Nevada Drive",
    "Dno": "3",
    "Lname": "Benedikt",
    "Sex": "M",
    "Fname": "Vittorio",
    "Ssn": "107-94-5176"
  },
  {
    "Bdate": "1980-12-17",
    "Salary": "83000",
    "RowId": "81",
    "Minit": "C",
    "Address": "2386 Hayes Crossing",
    "Dno": "22",
    "Lname": "Plevin",
    "Sex": "F",
    "Fname": "Ketti",
    "Ssn": "644-67-4307"
  },
  {
    "Bdate": "1989-07-05",
    "Salary": "44000",
    "RowId": "82",
    "Minit": "A",
    "Address": "045 Redwing Court",
    "Dno": "20",
    "Lname": "Fakes",
    "Sex": "M",
    "Fname": "Waylen",
    "Ssn": "781-89-0837"
  },
  {
    "Bdate": "1992-03-12",
    "Salary": "94000",
    "RowId": "83",
    "Minit": "F",
    "Address": "3 Kings Way",
    "Dno": "10",
    "Lname": "O'Carrol",
    "Sex": "F",
    "Fname": "Linzy",
    "Ssn": "329-94-5520"
  },
  {
    "Bdate": "1991-05-12",
    "Salary": "45000",
    "RowId": "84",
    "Minit": "G",
    "Address": "8 Tennyson Avenue",
    "Dno": "11",
    "Lname": "Cail",
    "Sex": "M",
    "Fname": "Tadd",
    "Ssn": "240-42-3470"
  },
  {
    "Bdate": "1961-07-05",
    "Salary": "30000",
    "RowId": "85",
    "Minit": "C",
    "Address": "55 Helena Place",
    "Dno": "37",
    "Lname": "Kornyakov",
    "Sex": "F",
    "Fname": "Aubrie",
    "Ssn": "550-35-2675"
  },
  {
    "Bdate": "1978-04-08",
    "Salary": "25000",
    "RowId": "86",
    "Minit": "K",
    "Address": "71 Autumn Leaf Court",
    "Dno": "6",
    "Lname": "Assante",
    "Sex": "F",
    "Fname": "Renate",
    "Ssn": "720-61-9683"
  },
  {
    "Bdate": "1994-08-02",
    "Salary": "75000",
    "RowId": "87",
    "Minit": "D",
    "Address": "870 Montana Plaza",
    "Dno": "6",
    "Lname": "Eddicott",
    "Sex": "F",
    "Fname": "Gratia",
    "Ssn": "580-43-6947"
  },
  {
    "Bdate": "1971-07-08",
    "Salary": "83000",
    "RowId": "88",
    "Minit": "H",
    "Address": "8812 Service Way",
    "Dno": "8",
    "Lname": "Cowey",
    "Sex": "M",
    "Fname": "Job",
    "Ssn": "136-64-3994"
  },
  {
    "Bdate": "1981-09-12",
    "Salary": "34000",
    "RowId": "89",
    "Minit": "P",
    "Address": "7303 Debs Trail",
    "Dno": "1",
    "Lname": "Retchford",
    "Sex": "M",
    "Fname": "Panchito",
    "Ssn": "700-28-0537"
  },
  {
    "Bdate": "1992-09-27",
    "Salary": "59000",
    "RowId": "90",
    "Minit": "S",
    "Address": "4156 West Lane",
    "Dno": "6",
    "Lname": "Wheeler",
    "Sex": "F",
    "Fname": "Joyous",
    "Ssn": "511-04-8521"
  },
  {
    "Bdate": "1975-09-23",
    "Salary": "39000",
    "RowId": "91",
    "Minit": "R",
    "Address": "930 Tennyson Alley",
    "Dno": "2",
    "Lname": "Loram",
    "Sex": "F",
    "Fname": "Viva",
    "Ssn": "875-16-0671"
  },
  {
    "Bdate": "1975-06-21",
    "Salary": "36000",
    "RowId": "92",
    "Minit": "",
    "Address": "8 Stone Corner Way",
    "Dno": "10",
    "Lname": "Bellchamber",
    "Sex": "M",
    "Fname": "Gustave",
    "Ssn": "645-63-8473"
  },
  {
    "Bdate": "1992-01-08",
    "Salary": "77000",
    "RowId": "93",
    "Minit": "D",
    "Address": "5574 Westport Street",
    "Dno": "27",
    "Lname": "Rittelmeyer",
    "Sex": "F",
    "Fname": "Ashien",
    "Ssn": "303-49-6443"
  },
  {
    "Bdate": "1960-04-14",
    "Salary": "63000",
    "RowId": "94",
    "Minit": "T",
    "Address": "442 Mariners Cove Place",
    "Dno": "3",
    "Lname": "Vassbender",
    "Sex": "M",
    "Fname": "Clement",
    "Ssn": "304-92-8978"
  },
  {
    "Bdate": "1962-05-06",
    "Salary": "72000",
    "RowId": "95",
    "Minit": "H",
    "Address": "19 Michigan Point",
    "Dno": "18",
    "Lname": "Rivitt",
    "Sex": "M",
    "Fname": "Marshall",
    "Ssn": "297-10-6102"
  },
  {
    "Bdate": "1979-10-18",
    "Salary": "70000",
    "RowId": "96",
    "Minit": "O",
    "Address": "893 Swallow Avenue",
    "Dno": "18",
    "Lname": "Simonassi",
    "Sex": "M",
    "Fname": "Bevan",
    "Ssn": "487-88-6727"
  },
  {
    "Bdate": "1965-03-29",
    "Salary": "60000",
    "RowId": "97",
    "Minit": "F",
    "Address": "72 Tony Parkway",
    "Dno": "19",
    "Lname": "Carlaw",
    "Sex": "M",
    "Fname": "Egon",
    "Ssn": "341-81-2154"
  },
  {
    "Bdate": "1987-02-23",
    "Salary": "94000",
    "RowId": "98",
    "Minit": "",
    "Address": "8 Namekagon Way",
    "Dno": "11",
    "Lname": "Kitcherside",
    "Sex": "F",
    "Fname": "Francoise",
    "Ssn": "768-71-5312"
  },
  {
    "Bdate": "1997-06-17",
    "Salary": "42000",
    "RowId": "99",
    "Minit": "",
    "Address": "1674 Mayfield Plaza",
    "Dno": "10",
    "Lname": "Willshee",
    "Sex": "M",
    "Fname": "Rolfe",
    "Ssn": "506-15-7404"
  },
  {
    "Bdate": "1969-04-01",
    "Salary": "85000",
    "RowId": "100",
    "Minit": "I",
    "Address": "0 Pond Pass",
    "Dno": "18",
    "Lname": "Guitt",
    "Sex": "M",
    "Fname": "Beau",
    "Ssn": "792-67-9651"
  }
]